Microchip MPLAB XC8 Compiler V2.00 ()

Linker command line:

-W-3 --edf=C:\Program Files (x86)\Microchip\xc8\v2.00\pic\dat\en_msgs.txt \
  -cs -h+dist/default/production\MAINPROJECTWITHLIBS.X.production.sym \
  --cmf=dist/default/production\MAINPROJECTWITHLIBS.X.production.cmf -z \
  -Q16F887 -oC:\Users\stijn\AppData\Local\Temp\sbmo.2 \
  --defsym=__MPLAB_BUILD=1 \
  -Mdist/default/production/MAINPROJECTWITHLIBS.X.production.map -E1 \
  -ver=XC8 --acfsm=1493 -ASTACK=0110h-016fh -pstack=STACK \
  -ACODE=00h-07FFhx4 -ASTRCODE=00h-01FFFh -ASTRING=00h-0FFhx32 \
  -ACONST=00h-0FFhx32 -AENTRY=00h-0FFhx32 -ACOMMON=070h-07Fh \
  -ABANK0=020h-06Fh -ABANK1=0A0h-0EFh -ABANK2=0110h-016Fh \
  -ABANK3=0190h-01EFh -ARAM=020h-06Fh,0A0h-0EFh,0110h-016Fh,0190h-01EFh \
  -AABS1=020h-07Fh,0A0h-0EFh,0110h-016Fh,0190h-01EFh -ASFR0=00h-01Fh \
  -ASFR1=080h-09Fh -ASFR2=0100h-010Fh -ASFR3=0180h-018Fh \
  -preset_vec=00h,intentry=04h,init,end_init -ppowerup=CODE -pcinit=CODE \
  -pfunctab=ENTRY -ACONFIG=02007h-02008h -pconfig=CONFIG -DCONFIG=2 \
  -AIDLOC=02000h-02003h -pidloc=IDLOC -DIDLOC=2 -AEEDATA=00h-0FFh/02100h \
  -peeprom_data=EEDATA -DEEDATA=2 -DCODE=2 -DSTRCODE=2 -DSTRING=2 -DCONST=2 \
  -DENTRY=2 -k C:\Users\stijn\AppData\Local\Temp\sbmo.o \
  dist/default/production\MAINPROJECTWITHLIBS.X.production.o 

Object code version is 3.11

Machine type is 16F887



                Name                               Link     Load   Length Selector   Space Scale
C:\Users\stijn\AppData\Local\Temp\sbmo.o
                end_init                             12       12        3        8       0
                reset_vec                             0        0        3        0       0
                config                             2007     2007        2     400E       0
dist/default/production\MAINPROJECTWITHLIBS.X.production.o
                cinit                                15       15       23        8       0
                intentry                              4        4        E        8       0
                text21                               38       38      1B1        8       0
                text20                              5D8      5D8       73        8       0
                text19                              78D      78D       63      D76       0
                text18                              E65      E65       31     1CCA       0
                text17                              334      334       D7        8       0
                text16                              E18      E18       23     1C30       0
                text15                              DF7      DF7       21     1BEE       0
                text14                              E96      E96       3B     1D2C       0
                text13                              1E9      1E9      14B        8       0
                text12                              565      565       73        8       0
                text11                              728      728       65      D76       0
                text10                              DB4      DB4       11     1B68       0
                text9                               DC5      DC5       17     1B8A       0
                text8                               40B      40B       B4        8       0
                text7                               F56      F56       4D     1EAC       0
                text6                               E3B      E3B       2A     1C76       0
                text5                               6BB      6BB       6D      D76       0
                text4                               DDC      DDC       1B     1BB8       0
                text3                               F0D      F0D       49     1E1A       0
                text2                               FA3      FA3       5D     1F46       0
                text1                               4BF      4BF       A6        8       0
                maintext                            ED1      ED1       3C     1DA2       0
                cstackBANK0                          20       20       23       20       1
                cstackCOMMON                         70       70        E       70       1
                dataBANK0                            50       50        3       20       1
                bssBANK0                             43       43        D       20       1
                strings                             64B      64B       70      C96       0
                idataBANK0                          7F0      7F0        3      D76       0

TOTAL           Name                               Link     Load   Length     Space
        CLASS   STACK          

        CLASS   CODE           
                end_init                             12       12        3         0
                cinit                                15       15       23         0
                intentry                              4        4        E         0
                reset_vec                             0        0        3         0
                text21                               38       38      1B1         0
                text20                              5D8      5D8       73         0
                text19                              78D      78D       63         0
                text18                              E65      E65       31         0
                text17                              334      334       D7         0
                text16                              E18      E18       23         0
                text15                              DF7      DF7       21         0
                text14                              E96      E96       3B         0
                text13                              1E9      1E9      14B         0
                text12                              565      565       73         0
                text11                              728      728       65         0
                text10                              DB4      DB4       11         0
                text9                               DC5      DC5       17         0
                text8                               40B      40B       B4         0
                text7                               F56      F56       4D         0
                text6                               E3B      E3B       2A         0
                text5                               6BB      6BB       6D         0
                text4                               DDC      DDC       1B         0
                text3                               F0D      F0D       49         0
                text2                               FA3      FA3       5D         0
                text1                               4BF      4BF       A6         0
                maintext                            ED1      ED1       3C         0
                idataBANK0                          7F0      7F0        3         0

        CLASS   STRCODE        

        CLASS   STRING         
                strings                             64B      64B       70         0

        CLASS   CONST          

        CLASS   ENTRY          

        CLASS   COMMON         
                cstackCOMMON                         70       70        E         1

        CLASS   BANK0          
                cstackBANK0                          20       20       23         1
                dataBANK0                            50       50        3         1
                bssBANK0                             43       43        D         1

        CLASS   BANK1          

        CLASS   BANK2          

        CLASS   BANK3          

        CLASS   RAM            

        CLASS   ABS1           
                abs_s1                               7E       7E        2         1

        CLASS   SFR0           

        CLASS   SFR1           

        CLASS   SFR2           

        CLASS   SFR3           

        CLASS   CONFIG         
                config                             2007     2007        2         0

        CLASS   IDLOC          

        CLASS   EEDATA         



SEGMENTS        Name                           Load    Length   Top    Selector   Space  Class     Delta

                reset_vec                      000000  000003  000003         0       0  CODE        2
                intentry                       000004  000647  00064B         8       0  CODE        2
                cstackBANK0                    000020  000033  000053        20       1  BANK0       1
                cstackCOMMON                   000070  00000E  00007E        70       1  COMMON      1
                strings                        00064B  000070  0006BB       C96       0  STRING      2
                text5                          0006BB  000138  0007F3       D76       0  CODE        2
                text10                         000DB4  000011  000DC5      1B68       0  CODE        2
                text9                          000DC5  000017  000DDC      1B8A       0  CODE        2
                text4                          000DDC  00001B  000DF7      1BB8       0  CODE        2
                text15                         000DF7  000021  000E18      1BEE       0  CODE        2
                text16                         000E18  000023  000E3B      1C30       0  CODE        2
                text6                          000E3B  00002A  000E65      1C76       0  CODE        2
                text18                         000E65  000031  000E96      1CCA       0  CODE        2
                text14                         000E96  00003B  000ED1      1D2C       0  CODE        2
                maintext                       000ED1  00003C  000F0D      1DA2       0  CODE        2
                text3                          000F0D  000049  000F56      1E1A       0  CODE        2
                text7                          000F56  00004D  000FA3      1EAC       0  CODE        2
                text2                          000FA3  00005D  001000      1F46       0  CODE        2
                config                         002007  000002  002009      400E       0  CONFIG      2


UNUSED ADDRESS RANGES

        Name                Unused          Largest block    Delta
        BANK0            0053-006F             1D           1
        BANK1            00A0-00EF             50           1
        BANK2            0110-016F             60           1
        BANK3            0190-01EF             60           1
        CODE             0003-0003              1           2
                         07F3-0DB3              D
                         1000-1FFF            800
        CONST            0003-0003              1           2
                         07F3-0DB3            100
                         1000-1FFF            100
        EEDATA           2100-21FF            100           2
        ENTRY            0003-0003              1           2
                         07F3-0DB3            100
                         1000-1FFF            100
        IDLOC            2000-2003              4           2
        RAM              0053-006F             1D           1
                         00A0-00EF             50
                         0110-016F             60
                         0190-01EF             60
        SFR0             0000-001F             20           1
        SFR1             0080-009F             20           1
        SFR2             0100-010F             10           1
        SFR3             0180-018F             10           1
        STACK            0110-016F             60           1
        STRCODE          0003-0003              1           2
                         07F3-0DB3            5C1
                         1000-1FFF           1000
        STRING           0003-0003              1           2
                         07F3-0DB3            100
                         1000-1FFF            100

                                  Symbol Table

?___awdiv                 cstackBANK0  0033
?___awmod                 cstackBANK0  002C
?___lwdiv                 cstackBANK0  0032
?___wmul                  cstackBANK0  002C
?i1___awdiv               cstackCOMMON 0077
?i1___awmod               cstackCOMMON 0070
Kalibreren@ADres          cstackBANK0  0032
Kalibreren@Controlle      cstackBANK0  0031
Kalibreren@i              cstackBANK0  0034
UpdateAfstand@GlobalInput cstackCOMMON 0072
UpdateAfstand@Opdracht    cstackCOMMON 0074
UpdateAfstand@Opslag1     cstackCOMMON 007C
UpdateAfstand@Opslag2     cstackCOMMON 007A
UpdateAfstand@i           cstackCOMMON 0076
UpdateAfstand@j           cstackCOMMON 0078
UpdateKanalen@Controlle   bssBANK0     004D
UpdateKanalen@Kant        cstackCOMMON 007C
UpdateKanalen@RB5oud      bssBANK0     0045
UpdateVolume@ADres        cstackBANK0  003C
UpdateVolume@AdcOud       bssBANK0     0043
_ADCON0bits               (abs)        001F
_ADCON1bits               (abs)        009F
_ADRESH                   (abs)        001E
_ADRESL                   (abs)        009E
_ANSELHbits               (abs)        0189
_ANSELbits                (abs)        0188
_BF                       (abs)        04A0
_EEADR                    (abs)        010D
_EECON1                   (abs)        018C
_EECON1bits               (abs)        018C
_EECON2                   (abs)        018D
_EEDATA                   (abs)        010C
_GO                       (abs)        00F9
_INTCONbits               (abs)        000B
_IOCBbits                 (abs)        0096
_Init                     text8        040B
_KANALENSCHAAL            strings      06BA
_Kalibreren               text13       01E9
_Kanaal                   bssBANK0     004E
_Letters                  strings      0651
_MaxSpanning              dataBANK0    0050
_MinSpanning              bssBANK0     0049
_OPTION_REGbits           (abs)        0081
_OSCCONbits               (abs)        008F
_PIE1bits                 (abs)        008C
_PORTA                    (abs)        0005
_PORTAbits                (abs)        0005
_PORTBbits                (abs)        0006
_PORTCbits                (abs)        0007
_PORTDbits                (abs)        0008
_SSPBUF                   (abs)        0013
_SSPCONbits               (abs)        0014
_SSPSTATbits              (abs)        0094
_STATUSbits               (abs)        0003
_SchermUpdate             dataBANK0    0052
_TRISAbits                (abs)        0085
_TRISBbits                (abs)        0086
_TRISCbits                (abs)        0087
_TRISDbits                (abs)        0088
_TRISEbits                (abs)        0089
_Teller                   bssBANK0     004B
_UpdateAfstand            text21       0038
_UpdateKanalen            text17       0334
_UpdateVolume             text5        06BB
_Volume                   bssBANK0     0047
__CFG_BOR4V$BOR40V        (abs)        0000
__CFG_BOREN$ON            (abs)        0000
__CFG_CP$OFF              (abs)        0000
__CFG_CPD$OFF             (abs)        0000
__CFG_FCMEN$OFF           (abs)        0000
__CFG_FOSC$INTRC_CLKOUT   (abs)        0000
__CFG_IESO$OFF            (abs)        0000
__CFG_LVP$OFF             (abs)        0000
__CFG_MCLRE$OFF           (abs)        0000
__CFG_PWRTE$OFF           (abs)        0000
__CFG_WDTE$OFF            (abs)        0000
__CFG_WRT$OFF             (abs)        0000
__Habs1                   abs1         0000
__Hbank0                  bank0        0000
__Hbank1                  bank1        0000
__Hbank2                  bank2        0000
__Hbank3                  bank3        0000
__HbssBANK0               bssBANK0     0000
__Hcinit                  cinit        0038
__Hclrtext                clrtext      0000
__Hcode                   code         0000
__Hcommon                 common       0000
__Hconfig                 config       2009
__HcstackBANK0            cstackBANK0  0000
__HcstackCOMMON           cstackCOMMON 0000
__HdataBANK0              dataBANK0    0000
__Heeprom_data            eeprom_data  0000
__Hend_init               end_init     0015
__Hfunctab                functab      0000
__HidataBANK0             idataBANK0   0000
__Hidloc                  idloc        0000
__Hinit                   init         0012
__Hintentry               intentry     0012
__Hmaintext               maintext     0000
__Hpowerup                powerup      0000
__Hram                    ram          0000
__Hreset_vec              reset_vec    0003
__Hsfr0                   sfr0         0000
__Hsfr1                   sfr1         0000
__Hsfr2                   sfr2         0000
__Hsfr3                   sfr3         0000
__Hspace_0                (abs)        2009
__Hspace_1                (abs)        007E
__Hspace_2                (abs)        0000
__Hspace_3                (abs)        0000
__Hstack                  stack        0000
__Hstrings                strings      0000
__Htext                   text         0000
__Labs1                   abs1         0000
__Lbank0                  bank0        0000
__Lbank1                  bank1        0000
__Lbank2                  bank2        0000
__Lbank3                  bank3        0000
__LbssBANK0               bssBANK0     0000
__Lcinit                  cinit        0015
__Lclrtext                clrtext      0000
__Lcode                   code         0000
__Lcommon                 common       0000
__Lconfig                 config       2007
__LcstackBANK0            cstackBANK0  0000
__LcstackCOMMON           cstackCOMMON 0000
__LdataBANK0              dataBANK0    0000
__Leeprom_data            eeprom_data  0000
__Lend_init               end_init     0012
__Lfunctab                functab      0000
__LidataBANK0             idataBANK0   0000
__Lidloc                  idloc        0000
__Linit                   init         0012
__Lintentry               intentry     0004
__Lmaintext               maintext     0000
__Lpowerup                powerup      0000
__Lram                    ram          0000
__Lreset_vec              reset_vec    0000
__Lsfr0                   sfr0         0000
__Lsfr1                   sfr1         0000
__Lsfr2                   sfr2         0000
__Lsfr3                   sfr3         0000
__Lspace_0                (abs)        0000
__Lspace_1                (abs)        0000
__Lspace_2                (abs)        0000
__Lspace_3                (abs)        0000
__Lstack                  stack        0000
__Lstrings                strings      0000
__Ltext                   text         0000
__S0                      (abs)        2009
__S1                      (abs)        007E
__S2                      (abs)        0000
__S3                      (abs)        0000
___awdiv                  text12       0565
___awdiv@counter          cstackBANK0  0038
___awdiv@dividend         cstackBANK0  0035
___awdiv@divisor          cstackBANK0  0033
___awdiv@quotient         cstackBANK0  003A
___awdiv@sign             cstackBANK0  0039
___awmod                  text11       0728
___awmod@counter          cstackBANK0  0031
___awmod@dividend         cstackBANK0  002E
___awmod@divisor          cstackBANK0  002C
___awmod@sign             cstackBANK0  0032
___bmul                   text4        0DDC
___bmul@multiplicand      cstackBANK0  002C
___bmul@multiplier        cstackBANK0  002F
___bmul@product           cstackBANK0  002E
___int_sp                 stack        0000
___latbits                (abs)        0002
___lwdiv                  text7        0F56
___lwdiv@counter          cstackBANK0  0039
___lwdiv@dividend         cstackBANK0  0034
___lwdiv@divisor          cstackBANK0  0032
___lwdiv@quotient         cstackBANK0  0037
___sp                     stack        0000
___wmul                   text6        0E3B
___wmul@multiplicand      cstackBANK0  002E
___wmul@multiplier        cstackBANK0  002C
___wmul@product           cstackBANK0  0030
__end_of_Init             text8        04BF
__end_of_KANALENSCHAAL    strings      06BB
__end_of_Kalibreren       text13       0334
__end_of_Letters          strings      06BA
__end_of_UpdateAfstand    text21       01E9
__end_of_UpdateKanalen    text17       040B
__end_of_UpdateVolume     text5        0728
__end_of___awdiv          text12       05D8
__end_of___awmod          text11       078D
__end_of___bmul           text4        0DF7
__end_of___lwdiv          text7        0FA3
__end_of___wmul           text6        0E65
__end_of__initialization  cinit        0034
__end_of__stringtab       strings      0651
__end_of_eeprom_read      text15       0E18
__end_of_eeprom_write     text14       0ED1
__end_of_isr              text16       0E3B
__end_of_main             maintext     0F0D
__end_of_spiInit          text10       0DC5
__end_of_spiWord          text9        0DDC
__end_of_spiWrite         text3        0F56
__end_of_spiWriteInput    text2        1000
__end_of_spiWriteVol      text1        0565
__end_ofi1___awdiv        text20       064B
__end_ofi1___awmod        text19       07F0
__end_ofi1_eeprom_write   text18       0E96
__initialization          cinit        0015
__pbssBANK0               bssBANK0     0043
__pcstackBANK0            cstackBANK0  0020
__pcstackCOMMON           cstackCOMMON 0070
__pdataBANK0              dataBANK0    0050
__pidataBANK0             idataBANK0   07F0
__pintentry               intentry     0004
__pmaintext               maintext     0ED1
__pstrings                strings      064B
__ptext1                  text1        04BF
__ptext10                 text10       0DB4
__ptext11                 text11       0728
__ptext12                 text12       0565
__ptext13                 text13       01E9
__ptext14                 text14       0E96
__ptext15                 text15       0DF7
__ptext16                 text16       0E18
__ptext17                 text17       0334
__ptext18                 text18       0E65
__ptext19                 text19       078D
__ptext2                  text2        0FA3
__ptext20                 text20       05D8
__ptext21                 text21       0038
__ptext3                  text3        0F0D
__ptext4                  text4        0DDC
__ptext5                  text5        06BB
__ptext6                  text6        0E3B
__ptext7                  text7        0F56
__ptext8                  text8        040B
__ptext9                  text9        0DC5
__size_of_Init            (abs)        0000
__size_of_Kalibreren      (abs)        0000
__size_of_UpdateAfstand   (abs)        0000
__size_of_UpdateKanalen   (abs)        0000
__size_of_UpdateVolume    (abs)        0000
__size_of___awdiv         (abs)        0000
__size_of___awmod         (abs)        0000
__size_of___bmul          (abs)        0000
__size_of___lwdiv         (abs)        0000
__size_of___wmul          (abs)        0000
__size_of_eeprom_read     (abs)        0000
__size_of_eeprom_write    (abs)        0000
__size_of_isr             (abs)        0000
__size_of_main            (abs)        0000
__size_of_spiInit         (abs)        0000
__size_of_spiWord         (abs)        0000
__size_of_spiWrite        (abs)        0000
__size_of_spiWriteInput   (abs)        0000
__size_of_spiWriteVol     (abs)        0000
__size_ofi1___awdiv       (abs)        0000
__size_ofi1___awmod       (abs)        0000
__size_ofi1_eeprom_write  (abs)        0000
__stringbase              strings      0650
__stringtab               strings      064B
_eeprom_read              text15       0DF7
_eeprom_write             text14       0E96
_isr                      text16       0E18
_main                     maintext     0ED1
_spiInit                  text10       0DB4
_spiWord                  text9        0DC5
_spiWrite                 text3        0F0D
_spiWriteInput            text2        0FA3
_spiWriteVol              text1        04BF
btemp                     (abs)        007E
eeprom_read@addr          cstackBANK0  002D
eeprom_write@addr         cstackBANK0  002E
eeprom_write@value        cstackBANK0  002C
end_of_initialization     cinit        0034
i1___awdiv                text20       05D8
i1___awdiv@counter        cstackBANK0  0020
i1___awdiv@dividend       cstackCOMMON 0079
i1___awdiv@divisor        cstackCOMMON 0077
i1___awdiv@quotient       cstackBANK0  0022
i1___awdiv@sign           cstackBANK0  0021
i1___awmod                text19       078D
i1___awmod@counter        cstackCOMMON 0075
i1___awmod@dividend       cstackCOMMON 0072
i1___awmod@divisor        cstackCOMMON 0070
i1___awmod@sign           cstackCOMMON 0076
i1_eeprom_write           text18       0E65
i1eeprom_write@addr       cstackCOMMON 0072
i1eeprom_write@value      cstackCOMMON 0070
interrupt_function        intentry     0004
intlevel0                 functab      0000
intlevel1                 functab      0000
intlevel2                 functab      0000
intlevel3                 functab      0000
intlevel4                 functab      0000
intlevel5                 functab      0000
reset_vec                 reset_vec    0000
saved_w                   (abs)        007E
spiWord@Word              cstackBANK0  002C
spiWrite@Getal            cstackBANK0  0033
spiWrite@i                cstackBANK0  0036
spiWriteInput@Getal       cstackBANK0  0038
spiWriteVol@Getal         cstackBANK0  003C
spiWriteVol@c             cstackBANK0  0041
stackhi                   (abs)        0000
stacklo                   (abs)        0000
start                     init         0012
start_initialization      cinit        0015
wtemp0                    (abs)        007E


FUNCTION INFORMATION:

 *************** function _main *****************
 Defined at:
		line 39 in file "main.c"
 Parameters:    Size  Location     Type
		None
 Auto vars:     Size  Location     Type
		None
 Return value:  Size  Location     Type
                  1    wreg      void 
 Registers used:
		wreg, fsr0l, fsr0h, status,2, status,0, btemp+1, pclath, cstack
 Tracked objects:
		On entry : 
		On exit  : 
		Unchanged: 
 Data sizes:     COMMON   BANK0   BANK1   BANK3   BANK2
      Params:         0       0       0       0       0
      Locals:         0       0       0       0       0
      Temps:          0       1       0       0       0
      Totals:         0       1       0       0       0
Total ram usage:        1 bytes
 Hardware stack levels required when called:    6
 This function calls:
		_Init
		_UpdateVolume
		_spiWriteInput
		_spiWriteVol
 This function is called by:
		Startup code after reset
 This function uses a non-reentrant model


 *************** function _spiWriteVol *****************
 Defined at:
		line 13 in file "spiWriteVol.c"
 Parameters:    Size  Location     Type
  Getal           2   28[BANK0 ] int 
 Auto vars:     Size  Location     Type
  c               1   33[BANK0 ] unsigned char 
 Return value:  Size  Location     Type
                  1    wreg      void 
 Registers used:
		wreg, fsr0l, fsr0h, status,2, status,0, btemp+1, pclath, cstack
 Tracked objects:
		On entry : 
		On exit  : 
		Unchanged: 
 Data sizes:     COMMON   BANK0   BANK1   BANK3   BANK2
      Params:         0       2       0       0       0
      Locals:         0       1       0       0       0
      Temps:          0       3       0       0       0
      Totals:         0       6       0       0       0
Total ram usage:        6 bytes
 Hardware stack levels used:    1
 Hardware stack levels required when called:    5
 This function calls:
		___awdiv
		___awmod
		_spiWrite
 This function is called by:
		_main
 This function uses a non-reentrant model


 *************** function _spiWriteInput *****************
 Defined at:
		line 13 in file "spiWriteInput.c"
 Parameters:    Size  Location     Type
  Getal           2   24[BANK0 ] int 
 Auto vars:     Size  Location     Type
		None
 Return value:  Size  Location     Type
                  1    wreg      void 
 Registers used:
		wreg, fsr0l, fsr0h, status,2, status,0, btemp+1, pclath, cstack
 Tracked objects:
		On entry : 
		On exit  : 
		Unchanged: 
 Data sizes:     COMMON   BANK0   BANK1   BANK3   BANK2
      Params:         0       2       0       0       0
      Locals:         0       0       0       0       0
      Temps:          0       0       0       0       0
      Totals:         0       2       0       0       0
Total ram usage:        2 bytes
 Hardware stack levels used:    1
 Hardware stack levels required when called:    5
 This function calls:
		_spiWrite
 This function is called by:
		_main
 This function uses a non-reentrant model


 *************** function _spiWrite *****************
 Defined at:
		line 13 in file "spiWrite.c"
 Parameters:    Size  Location     Type
  Getal           2   19[BANK0 ] int 
 Auto vars:     Size  Location     Type
  i               2   22[BANK0 ] int 
 Return value:  Size  Location     Type
                  1    wreg      void 
 Registers used:
		wreg, fsr0l, fsr0h, status,2, status,0, btemp+1, pclath, cstack
 Tracked objects:
		On entry : 
		On exit  : 
		Unchanged: 
 Data sizes:     COMMON   BANK0   BANK1   BANK3   BANK2
      Params:         0       2       0       0       0
      Locals:         0       2       0       0       0
      Temps:          0       1       0       0       0
      Totals:         0       5       0       0       0
Total ram usage:        5 bytes
 Hardware stack levels used:    1
 Hardware stack levels required when called:    4
 This function calls:
		___bmul
 This function is called by:
		_spiWriteVol
		_spiWriteInput
 This function uses a non-reentrant model


 *************** function ___bmul *****************
 Defined at:
		line 4 in file "C:\Program Files (x86)\Microchip\xc8\v2.00\pic\sources\c90\common\Umul8.c"
 Parameters:    Size  Location     Type
  multiplier      1    wreg     unsigned char 
  multiplicand    1   12[BANK0 ] unsigned char 
 Auto vars:     Size  Location     Type
  multiplier      1   15[BANK0 ] unsigned char 
  product         1   14[BANK0 ] unsigned char 
 Return value:  Size  Location     Type
                  1    wreg      unsigned char 
 Registers used:
		wreg, status,2, status,0
 Tracked objects:
		On entry : 
		On exit  : 
		Unchanged: 
 Data sizes:     COMMON   BANK0   BANK1   BANK3   BANK2
      Params:         0       1       0       0       0
      Locals:         0       2       0       0       0
      Temps:          0       1       0       0       0
      Totals:         0       4       0       0       0
Total ram usage:        4 bytes
 Hardware stack levels used:    1
 Hardware stack levels required when called:    3
 This function calls:
		Nothing
 This function is called by:
		_spiWrite
 This function uses a non-reentrant model


 *************** function _UpdateVolume *****************
 Defined at:
		line 13 in file "UpdateVolume.c"
 Parameters:    Size  Location     Type
		None
 Auto vars:     Size  Location     Type
  ADres           2   28[BANK0 ] unsigned int 
 Return value:  Size  Location     Type
                  1    wreg      void 
 Registers used:
		wreg, status,2, status,0, pclath, cstack
 Tracked objects:
		On entry : 
		On exit  : 
		Unchanged: 
 Data sizes:     COMMON   BANK0   BANK1   BANK3   BANK2
      Params:         0       0       0       0       0
      Locals:         0       2       0       0       0
      Temps:          0       2       0       0       0
      Totals:         0       4       0       0       0
Total ram usage:        4 bytes
 Hardware stack levels used:    1
 Hardware stack levels required when called:    4
 This function calls:
		___lwdiv
		___wmul
 This function is called by:
		_main
 This function uses a non-reentrant model


 *************** function ___wmul *****************
 Defined at:
		line 15 in file "C:\Program Files (x86)\Microchip\xc8\v2.00\pic\sources\c90\common\Umul16.c"
 Parameters:    Size  Location     Type
  multiplier      2   12[BANK0 ] unsigned int 
  multiplicand    2   14[BANK0 ] unsigned int 
 Auto vars:     Size  Location     Type
  product         2   16[BANK0 ] unsigned int 
 Return value:  Size  Location     Type
                  2   12[BANK0 ] unsigned int 
 Registers used:
		wreg, status,2, status,0
 Tracked objects:
		On entry : 
		On exit  : 
		Unchanged: 
 Data sizes:     COMMON   BANK0   BANK1   BANK3   BANK2
      Params:         0       4       0       0       0
      Locals:         0       2       0       0       0
      Temps:          0       0       0       0       0
      Totals:         0       6       0       0       0
Total ram usage:        6 bytes
 Hardware stack levels used:    1
 Hardware stack levels required when called:    3
 This function calls:
		Nothing
 This function is called by:
		_UpdateVolume
 This function uses a non-reentrant model


 *************** function ___lwdiv *****************
 Defined at:
		line 5 in file "C:\Program Files (x86)\Microchip\xc8\v2.00\pic\sources\c90\common\lwdiv.c"
 Parameters:    Size  Location     Type
  divisor         2   18[BANK0 ] unsigned int 
  dividend        2   20[BANK0 ] unsigned int 
 Auto vars:     Size  Location     Type
  quotient        2   23[BANK0 ] unsigned int 
  counter         1   25[BANK0 ] unsigned char 
 Return value:  Size  Location     Type
                  2   18[BANK0 ] unsigned int 
 Registers used:
		wreg, status,2, status,0
 Tracked objects:
		On entry : 
		On exit  : 
		Unchanged: 
 Data sizes:     COMMON   BANK0   BANK1   BANK3   BANK2
      Params:         0       4       0       0       0
      Locals:         0       3       0       0       0
      Temps:          0       1       0       0       0
      Totals:         0       8       0       0       0
Total ram usage:        8 bytes
 Hardware stack levels used:    1
 Hardware stack levels required when called:    3
 This function calls:
		Nothing
 This function is called by:
		_UpdateVolume
 This function uses a non-reentrant model


 *************** function _Init *****************
 Defined at:
		line 13 in file "Init.c"
 Parameters:    Size  Location     Type
		None
 Auto vars:     Size  Location     Type
		None
 Return value:  Size  Location     Type
                  1    wreg      void 
 Registers used:
		wreg, fsr0l, fsr0h, status,2, status,0, btemp+1, pclath, cstack
 Tracked objects:
		On entry : 
		On exit  : 
		Unchanged: 
 Data sizes:     COMMON   BANK0   BANK1   BANK3   BANK2
      Params:         0       0       0       0       0
      Locals:         0       0       0       0       0
      Temps:          0       2       0       0       0
      Totals:         0       2       0       0       0
Total ram usage:        2 bytes
 Hardware stack levels used:    1
 Hardware stack levels required when called:    5
 This function calls:
		_Kalibreren
		___awdiv
		___awmod
		_eeprom_read
		_spiInit
		_spiWord
 This function is called by:
		_main
 This function uses a non-reentrant model


 *************** function _spiWord *****************
 Defined at:
		line 13 in file "spiWord.c"
 Parameters:    Size  Location     Type
  Word            1    wreg     unsigned char 
 Auto vars:     Size  Location     Type
  Word            1   12[BANK0 ] unsigned char 
 Return value:  Size  Location     Type
                  1    wreg      void 
 Registers used:
		wreg
 Tracked objects:
		On entry : 
		On exit  : 
		Unchanged: 
 Data sizes:     COMMON   BANK0   BANK1   BANK3   BANK2
      Params:         0       0       0       0       0
      Locals:         0       1       0       0       0
      Temps:          0       0       0       0       0
      Totals:         0       1       0       0       0
Total ram usage:        1 bytes
 Hardware stack levels used:    1
 Hardware stack levels required when called:    3
 This function calls:
		Nothing
 This function is called by:
		_Init
 This function uses a non-reentrant model


 *************** function _spiInit *****************
 Defined at:
		line 12 in file "SpiInit.c"
 Parameters:    Size  Location     Type
		None
 Auto vars:     Size  Location     Type
		None
 Return value:  Size  Location     Type
                  1    wreg      void 
 Registers used:
		wreg, status,2, status,0
 Tracked objects:
		On entry : 
		On exit  : 
		Unchanged: 
 Data sizes:     COMMON   BANK0   BANK1   BANK3   BANK2
      Params:         0       0       0       0       0
      Locals:         0       0       0       0       0
      Temps:          0       0       0       0       0
      Totals:         0       0       0       0       0
Total ram usage:        0 bytes
 Hardware stack levels used:    1
 Hardware stack levels required when called:    3
 This function calls:
		Nothing
 This function is called by:
		_Init
 This function uses a non-reentrant model


 *************** function ___awmod *****************
 Defined at:
		line 5 in file "C:\Program Files (x86)\Microchip\xc8\v2.00\pic\sources\c90\common\awmod.c"
 Parameters:    Size  Location     Type
  divisor         2   12[BANK0 ] int 
  dividend        2   14[BANK0 ] int 
 Auto vars:     Size  Location     Type
  sign            1   18[BANK0 ] unsigned char 
  counter         1   17[BANK0 ] unsigned char 
 Return value:  Size  Location     Type
                  2   12[BANK0 ] int 
 Registers used:
		wreg, status,2, status,0
 Tracked objects:
		On entry : 
		On exit  : 
		Unchanged: 
 Data sizes:     COMMON   BANK0   BANK1   BANK3   BANK2
      Params:         0       4       0       0       0
      Locals:         0       2       0       0       0
      Temps:          0       1       0       0       0
      Totals:         0       7       0       0       0
Total ram usage:        7 bytes
 Hardware stack levels used:    1
 Hardware stack levels required when called:    3
 This function calls:
		Nothing
 This function is called by:
		_Init
		_spiWriteVol
 This function uses a non-reentrant model


 *************** function ___awdiv *****************
 Defined at:
		line 5 in file "C:\Program Files (x86)\Microchip\xc8\v2.00\pic\sources\c90\common\awdiv.c"
 Parameters:    Size  Location     Type
  divisor         2   19[BANK0 ] int 
  dividend        2   21[BANK0 ] int 
 Auto vars:     Size  Location     Type
  quotient        2   26[BANK0 ] int 
  sign            1   25[BANK0 ] unsigned char 
  counter         1   24[BANK0 ] unsigned char 
 Return value:  Size  Location     Type
                  2   19[BANK0 ] int 
 Registers used:
		wreg, status,2, status,0
 Tracked objects:
		On entry : 
		On exit  : 
		Unchanged: 
 Data sizes:     COMMON   BANK0   BANK1   BANK3   BANK2
      Params:         0       4       0       0       0
      Locals:         0       4       0       0       0
      Temps:          0       1       0       0       0
      Totals:         0       9       0       0       0
Total ram usage:        9 bytes
 Hardware stack levels used:    1
 Hardware stack levels required when called:    3
 This function calls:
		Nothing
 This function is called by:
		_Init
		_spiWriteVol
 This function uses a non-reentrant model


 *************** function _Kalibreren *****************
 Defined at:
		line 13 in file "Kalibreren.c"
 Parameters:    Size  Location     Type
		None
 Auto vars:     Size  Location     Type
  i               2   20[BANK0 ] int 
  ADres           2   18[BANK0 ] int 
  Controlle       1   17[BANK0 ] unsigned char 
 Return value:  Size  Location     Type
                  1    wreg      void 
 Registers used:
		wreg, status,2, status,0, btemp+1, pclath, cstack
 Tracked objects:
		On entry : 
		On exit  : 
		Unchanged: 
 Data sizes:     COMMON   BANK0   BANK1   BANK3   BANK2
      Params:         0       0       0       0       0
      Locals:         0       5       0       0       0
      Temps:          0       2       0       0       0
      Totals:         0       7       0       0       0
Total ram usage:        7 bytes
 Hardware stack levels used:    1
 Hardware stack levels required when called:    4
 This function calls:
		_eeprom_read
		_eeprom_write
 This function is called by:
		_Init
 This function uses a non-reentrant model


 *************** function _eeprom_write *****************
 Defined at:
		line 6 in file "C:\Program Files (x86)\Microchip\xc8\v2.00\pic\sources\c90\pic\__eewrite.c"
 Parameters:    Size  Location     Type
  addr            1    wreg     unsigned char 
  value           1   12[BANK0 ] unsigned char 
 Auto vars:     Size  Location     Type
  addr            1   14[BANK0 ] unsigned char 
 Return value:  Size  Location     Type
                  1    wreg      void 
 Registers used:
		wreg, status,2, status,0
 Tracked objects:
		On entry : 
		On exit  : 
		Unchanged: 
 Data sizes:     COMMON   BANK0   BANK1   BANK3   BANK2
      Params:         0       1       0       0       0
      Locals:         0       1       0       0       0
      Temps:          0       1       0       0       0
      Totals:         0       3       0       0       0
Total ram usage:        3 bytes
 Hardware stack levels used:    1
 Hardware stack levels required when called:    3
 This function calls:
		Nothing
 This function is called by:
		_Kalibreren
 This function uses a non-reentrant model


 *************** function _eeprom_read *****************
 Defined at:
		line 6 in file "C:\Program Files (x86)\Microchip\xc8\v2.00\pic\sources\c90\pic\__eeread.c"
 Parameters:    Size  Location     Type
  addr            1    wreg     unsigned char 
 Auto vars:     Size  Location     Type
  addr            1   13[BANK0 ] unsigned char 
 Return value:  Size  Location     Type
                  1    wreg      unsigned char 
 Registers used:
		wreg, status,2, status,0
 Tracked objects:
		On entry : 
		On exit  : 
		Unchanged: 
 Data sizes:     COMMON   BANK0   BANK1   BANK3   BANK2
      Params:         0       0       0       0       0
      Locals:         0       1       0       0       0
      Temps:          0       1       0       0       0
      Totals:         0       2       0       0       0
Total ram usage:        2 bytes
 Hardware stack levels used:    1
 Hardware stack levels required when called:    3
 This function calls:
		Nothing
 This function is called by:
		_Init
		_Kalibreren
 This function uses a non-reentrant model


 *************** function _isr *****************
 Defined at:
		line 60 in file "main.c"
 Parameters:    Size  Location     Type
		None
 Auto vars:     Size  Location     Type
		None
 Return value:  Size  Location     Type
                  1    wreg      void 
 Registers used:
		wreg, fsr0l, fsr0h, status,2, status,0, btemp+1, pclath, cstack
 Tracked objects:
		On entry : 
		On exit  : 
		Unchanged: 
 Data sizes:     COMMON   BANK0   BANK1   BANK3   BANK2
      Params:         0       0       0       0       0
      Locals:         0       0       0       0       0
      Temps:          0       4       0       0       0
      Totals:         0       4       0       0       0
Total ram usage:        4 bytes
 Hardware stack levels used:    1
 Hardware stack levels required when called:    2
 This function calls:
		_UpdateAfstand
		_UpdateKanalen
 This function is called by:
		Interrupt level 1
 This function uses a non-reentrant model


 *************** function _UpdateKanalen *****************
 Defined at:
		line 13 in file "UpdateKanaal.c"
 Parameters:    Size  Location     Type
		None
 Auto vars:     Size  Location     Type
  Kant            1   12[COMMON] enum E1273
 Return value:  Size  Location     Type
                  1    wreg      void 
 Registers used:
		wreg, fsr0l, fsr0h, status,2, status,0, pclath, cstack
 Tracked objects:
		On entry : 
		On exit  : 
		Unchanged: 
 Data sizes:     COMMON   BANK0   BANK1   BANK3   BANK2
      Params:         0       0       0       0       0
      Locals:         1       0       0       0       0
      Temps:          0       4       0       0       0
      Totals:         1       4       0       0       0
Total ram usage:        5 bytes
 Hardware stack levels used:    1
 Hardware stack levels required when called:    1
 This function calls:
		i1___awdiv
		i1___awmod
		i1_eeprom_write
 This function is called by:
		_isr
 This function uses a non-reentrant model


 *************** function i1_eeprom_write *****************
 Defined at:
		line 6 in file "C:\Program Files (x86)\Microchip\xc8\v2.00\pic\sources\c90\pic\__eewrite.c"
 Parameters:    Size  Location     Type
  addr            1    wreg     unsigned char 
  value           1    0[COMMON] unsigned char 
 Auto vars:     Size  Location     Type
  addr            1    2[COMMON] unsigned char 
 Return value:  Size  Location     Type
                  1    wreg      void 
 Registers used:
		wreg, status,2, status,0
 Tracked objects:
		On entry : 
		On exit  : 
		Unchanged: 
 Data sizes:     COMMON   BANK0   BANK1   BANK3   BANK2
      Params:         1       0       0       0       0
      Locals:         1       0       0       0       0
      Temps:          1       0       0       0       0
      Totals:         3       0       0       0       0
Total ram usage:        3 bytes
 Hardware stack levels used:    1
 This function calls:
		Nothing
 This function is called by:
		_UpdateKanalen
 This function uses a non-reentrant model


 *************** function i1___awmod *****************
 Defined at:
		line 5 in file "C:\Program Files (x86)\Microchip\xc8\v2.00\pic\sources\c90\common\awmod.c"
 Parameters:    Size  Location     Type
  divisor         2    0[COMMON] int 
  dividend        2    2[COMMON] int 
 Auto vars:     Size  Location     Type
  __awmod         1    6[COMMON] unsigned char 
  __awmod         1    5[COMMON] unsigned char 
 Return value:  Size  Location     Type
                  2    0[COMMON] int 
 Registers used:
		wreg, status,2, status,0
 Tracked objects:
		On entry : 
		On exit  : 
		Unchanged: 
 Data sizes:     COMMON   BANK0   BANK1   BANK3   BANK2
      Params:         4       0       0       0       0
      Locals:         2       0       0       0       0
      Temps:          1       0       0       0       0
      Totals:         7       0       0       0       0
Total ram usage:        7 bytes
 Hardware stack levels used:    1
 This function calls:
		Nothing
 This function is called by:
		_UpdateKanalen
 This function uses a non-reentrant model


 *************** function i1___awdiv *****************
 Defined at:
		line 5 in file "C:\Program Files (x86)\Microchip\xc8\v2.00\pic\sources\c90\common\awdiv.c"
 Parameters:    Size  Location     Type
  divisor         2    7[COMMON] int 
  dividend        2    9[COMMON] int 
 Auto vars:     Size  Location     Type
  __awdiv         2    2[BANK0 ] int 
  __awdiv         1    1[BANK0 ] unsigned char 
  __awdiv         1    0[BANK0 ] unsigned char 
 Return value:  Size  Location     Type
                  2    7[COMMON] int 
 Registers used:
		wreg, status,2, status,0
 Tracked objects:
		On entry : 
		On exit  : 
		Unchanged: 
 Data sizes:     COMMON   BANK0   BANK1   BANK3   BANK2
      Params:         4       0       0       0       0
      Locals:         0       4       0       0       0
      Temps:          1       0       0       0       0
      Totals:         5       4       0       0       0
Total ram usage:        9 bytes
 Hardware stack levels used:    1
 This function calls:
		Nothing
 This function is called by:
		_UpdateKanalen
 This function uses a non-reentrant model


 *************** function _UpdateAfstand *****************
 Defined at:
		line 13 in file "UpdateAfstand.c"
 Parameters:    Size  Location     Type
		None
 Auto vars:     Size  Location     Type
  j               2    8[COMMON] unsigned int 
  Opslag1         2   12[COMMON] int 
  Opslag2         2   10[COMMON] int 
  i               2    6[COMMON] int 
  Opdracht        2    4[COMMON] int 
  GlobalInput     2    2[COMMON] int 
 Return value:  Size  Location     Type
                  1    wreg      void 
 Registers used:
		wreg, status,2, status,0, btemp+1
 Tracked objects:
		On entry : 
		On exit  : 
		Unchanged: 
 Data sizes:     COMMON   BANK0   BANK1   BANK3   BANK2
      Params:         0       0       0       0       0
      Locals:        12       0       0       0       0
      Temps:          2       0       0       0       0
      Totals:        14       0       0       0       0
Total ram usage:       14 bytes
 Hardware stack levels used:    1
 This function calls:
		Nothing
 This function is called by:
		_isr
 This function uses a non-reentrant model



MODULE INFORMATION

Module		Function		Class		Link	Load	Size
C:\Program Files (x86)\Microchip\xc8\v2.00\pic\sources\c90\common\awmod.c
		___awmod       		CODE           	0728	0000	102

C:\Program Files (x86)\Microchip\xc8\v2.00\pic\sources\c90\common\awmod.c estimated size: 102

spiWord.c
		_spiWord       		CODE           	0DC5	0000	24

spiWord.c estimated size: 24

spiWriteInput.c
		_spiWriteInput 		CODE           	0FA3	0000	94

spiWriteInput.c estimated size: 94

C:\Program Files (x86)\Microchip\xc8\v2.00\pic\sources\c90\common\Umul16.c
		___wmul        		CODE           	0E3B	0000	43

C:\Program Files (x86)\Microchip\xc8\v2.00\pic\sources\c90\common\Umul16.c estimated size: 43

C:\Program Files (x86)\Microchip\xc8\v2.00\pic\sources\c90\common\lwdiv.c
		___lwdiv       		CODE           	0F56	0000	78

C:\Program Files (x86)\Microchip\xc8\v2.00\pic\sources\c90\common\lwdiv.c estimated size: 78

SpiInit.c
		_spiInit       		CODE           	0DB4	0000	18

SpiInit.c estimated size: 18

spiWrite.c
		_spiWrite      		CODE           	0F0D	0000	74

spiWrite.c estimated size: 74

C:\Program Files (x86)\Microchip\xc8\v2.00\pic\sources\c90\common\awdiv.c
		___awdiv       		CODE           	0565	0000	116

C:\Program Files (x86)\Microchip\xc8\v2.00\pic\sources\c90\common\awdiv.c estimated size: 116

UpdateVolume.c
		_UpdateVolume  		CODE           	06BB	0000	110

UpdateVolume.c estimated size: 110

C:\Program Files (x86)\Microchip\xc8\v2.00\pic\sources\c90\pic\__eeread.c
		_eeprom_read   		CODE           	0DF7	0000	34

C:\Program Files (x86)\Microchip\xc8\v2.00\pic\sources\c90\pic\__eeread.c estimated size: 34

C:\Program Files (x86)\Microchip\xc8\v2.00\pic\sources\c90\pic\__eewrite.c
		_eeprom_write  		CODE           	0E96	0000	60

C:\Program Files (x86)\Microchip\xc8\v2.00\pic\sources\c90\pic\__eewrite.c estimated size: 60

Kalibreren.c
		_Kalibreren    		CODE           	01E9	0000	332

Kalibreren.c estimated size: 332

C:\Program Files (x86)\Microchip\xc8\v2.00\pic\sources\c90\common\Umul8.c
		___bmul        		CODE           	0DDC	0000	28

C:\Program Files (x86)\Microchip\xc8\v2.00\pic\sources\c90\common\Umul8.c estimated size: 28

spiWriteVol.c
		_spiWriteVol   		CODE           	04BF	0000	167

spiWriteVol.c estimated size: 167

Init.c
		_Init          		CODE           	040B	0000	181

Init.c estimated size: 181

shared
		__stringtab    		STRING         	064B	0000	7
		i1___awdiv     		CODE           	05D8	0000	116
		__initialization		CODE           	0015	0000	32
		i1___awmod     		CODE           	078D	0000	100
		_Letters       		STRING         	0651	0000	106
		_KANALENSCHAAL 		STRING         	06BA	0000	2
		i1_eeprom_write		CODE           	0E65	0000	50

shared estimated size: 413

UpdateAfstand.c
		_UpdateAfstand 		CODE           	0038	0000	434

UpdateAfstand.c estimated size: 434

main.c
		_main          		CODE           	0ED1	0000	61
		_isr           		CODE           	0E18	0000	36

main.c estimated size: 97

UpdateKanaal.c
		_UpdateKanalen 		CODE           	0334	0000	216

UpdateKanaal.c estimated size: 216

